
> web@0.1.0 build H:\Projects\myerp\erp-new\apps\web
> next build

Γû▓ Next.js 16.1.0 (Turbopack)

  Creating an optimized production build ...
node.exe : Turbopack 
build encountered 2 
warnings:
At C:\Users\Vepol\App
Data\Roaming\npm\pnpm
.ps1:24 char:5
+     & "node$exe"  "
$basedir/node_modules
/pnpm/bin/pnpm.cjs" 
$args
+     ~~~~~~~~~~~~~~~
~~~~~~~~~~~~~~~~~~~~~
~~~~~~~~~~~~~~~~~~~~~
~~~~
    + CategoryInfo   
           : NotSpe  
  cified: (Turbopa   
 ck build encount    
ered 2 warnings:    
:String) [], Rem    
oteException
    + FullyQualified 
   ErrorId : Native  
  CommandError
 
./apps/web/postcss.co
nfig.js
Specified module 
format (EcmaScript 
Modules) is not 
matching the module 
format of the source 
code (CommonJs)
The EcmaScript 
module format was 
specified in the 
package.json that is 
affecting this 
source file or by 
using an special 
extension, but it 
looks like that 
CommonJs syntax is 
used in the source 
code.
Exports made by 
CommonJs syntax will 
lead to a runtime 
error, since the 
module is in 
EcmaScript mode. 
Either change the 
"type" field in the 
package.json or 
replace CommonJs 
syntax with 
EcmaScript 
import/export syntax 
in the source file.


./apps/web/tailwind.c
onfig.js
Specified module 
format (EcmaScript 
Modules) is not 
matching the module 
format of the source 
code (CommonJs)
The EcmaScript 
module format was 
specified in the 
package.json that is 
affecting this 
source file or by 
using an special 
extension, but it 
looks like that 
CommonJs syntax is 
used in the source 
code.
Exports made by 
CommonJs syntax will 
lead to a runtime 
error, since the 
module is in 
EcmaScript mode. 
Either change the 
"type" field in the 
package.json or 
replace CommonJs 
syntax with 
EcmaScript 
import/export syntax 
in the source file.



> Build error 
occurred
Error: Turbopack 
build failed with 2 
errors:
./apps/web/app/page.m
odule.css
Error evaluating 
Node.js code
Error: Failed to 
load external module 
file:///H:/Projects/m
yerp/erp-new/apps/web
/postcss.config.js: 
ReferenceError: 
module is not 
defined in ES module 
scope
This file is being 
treated as an ES 
module because it 
has a '.js' file 
extension and 'H:\Pro
jects\myerp\erp-new\a
pps\web\package.json'
 contains "type": 
"module". To treat 
it as a CommonJS 
script, rename it to 
use the '.cjs' file 
extension.
    at Context.extern
alImport [as y] (turb
opack:///[turbopack]/
shared-node/base-exte
rnals-utils.ts:16:11)
 [H:\Projects\myerp\e
rp-new\apps\web\.next
\build\chunks\[turbop
ack]_runtime.js:518:1
5]
    [at process.proce
ssTicksAndRejections 
(node:internal/proces
s/task_queues:105:5)]
    at async (apps/we
b/postcss.config.js_.
loader.mjs:9:13) [H:\
Projects\myerp\erp-ne
w\apps\web\.next\buil
d\chunks\[root-of-the
-server]__91cc9ddc._.
js:50:13]

Import trace:
  Server Component:
    ./apps/web/app/pa
ge.module.css
    ./apps/web/app/pa
ge.tsx


./packages/ui/src/glo
bals.css
Error evaluating 
Node.js code
Error: Failed to 
load external module 
file:///H:/Projects/m
yerp/erp-new/apps/web
/postcss.config.js: 
ReferenceError: 
module is not 
defined in ES module 
scope
This file is being 
treated as an ES 
module because it 
has a '.js' file 
extension and 'H:\Pro
jects\myerp\erp-new\a
pps\web\package.json'
 contains "type": 
"module". To treat 
it as a CommonJS 
script, rename it to 
use the '.cjs' file 
extension.
    at Context.extern
alImport [as y] (turb
opack:///[turbopack]/
shared-node/base-exte
rnals-utils.ts:16:11)
 [H:\Projects\myerp\e
rp-new\apps\web\.next
\build\chunks\[turbop
ack]_runtime.js:518:1
5]
    [at process.proce
ssTicksAndRejections 
(node:internal/proces
s/task_queues:105:5)]
    at async (apps/we
b/postcss.config.js_.
loader.mjs:9:13) [H:\
Projects\myerp\erp-ne
w\apps\web\.next\buil
d\chunks\[root-of-the
-server]__91cc9ddc._.
js:50:13]

Import trace:
  Client Component 
Browser:
    ./packages/ui/src
/globals.css [Client 
Component Browser]
    ./apps/web/app/la
yout.tsx [Server 
Component]


    at Context.extern
alImport [as y] (turb
opack:///[turbopack]/
shared-node/base-exte
rnals-utils.ts:16:11)
 [H:\Projects\myerp\e
rp-new\apps\web\.next
\build\chunks\[turbop
ack]_runtime.js:518:1
5])
    at Context.extern
alImport [as y] (turb
opack:///[turbopack]/
shared-node/base-exte
rnals-utils.ts:16:11)
 [H:\Projects\myerp\e
rp-new\apps\web\.next
\build\chunks\[turbop
ack]_runtime.js:518:1
5])
H:\Projects\myerp\erp-new\apps\web:
ΓÇëERR_PNPM_RECURSIVE_RUN_FIRST_FAILΓÇë web@0.1.0 build: `next build`
Exit status 1
